  Determining projects to restore...
  All projects are up-to-date for restore.
  OXDesk.Core -> D:\WebDevelopment\OX_Desk\niya-crm-dotnet-dev\src\OXDesk.Core\bin\Debug\net9.0\OXDesk.Core.dll
  OXDesk.Infrastructure -> D:\WebDevelopment\OX_Desk\niya-crm-dotnet-dev\src\OXDesk.Infrastructure\bin\Debug\net9.0\OXDesk.Infrastructure.dll
  OXDesk.Application -> D:\WebDevelopment\OX_Desk\niya-crm-dotnet-dev\src\OXDesk.Application\bin\Debug\net9.0\OXDesk.Application.dll
  OXDesk.AppInstallation -> D:\WebDevelopment\OX_Desk\niya-crm-dotnet-dev\src\OXDesk.AppInstallation\bin\Debug\net9.0\OXDesk.AppInstallation.dll
  OXDesk.Api -> D:\WebDevelopment\OX_Desk\niya-crm-dotnet-dev\src\OXDesk.Api\bin\Debug\net9.0\OXDesk.Api.dll
D:\WebDevelopment\OX_Desk\niya-crm-dotnet-dev\tests\OXDesk.Tests\Unit\Core\ChangeHistory\ChangeHistoryLogTests.cs(14,40): error CS7036: There is no argument given that corresponds to the required parameter 'entityType' of 'ChangeHistoryLog.ChangeHistoryLog(string, Guid, string, string?, string?, Guid)' [D:\WebDevelopment\OX_Desk\niya-crm-dotnet-dev\tests\OXDesk.Tests\OXDesk.Tests.csproj]
D:\WebDevelopment\OX_Desk\niya-crm-dotnet-dev\tests\OXDesk.Tests\Unit\Core\ChangeHistory\ChangeHistoryLogTests.cs(19,13): error CS1929: 'Guid' does not contain a definition for 'ShouldBe' and the best extension method overload 'ShouldBeStringTestExtensions.ShouldBe(string?, string?, string?)' requires a receiver of type 'string?' [D:\WebDevelopment\OX_Desk\niya-crm-dotnet-dev\tests\OXDesk.Tests\OXDesk.Tests.csproj]
D:\WebDevelopment\OX_Desk\niya-crm-dotnet-dev\tests\OXDesk.Tests\Unit\Core\ChangeHistory\ChangeHistoryLogTests.cs(24,13): error CS1929: 'Guid' does not contain a definition for 'ShouldBe' and the best extension method overload 'ShouldBeStringTestExtensions.ShouldBe(string?, string?, string?)' requires a receiver of type 'string?' [D:\WebDevelopment\OX_Desk\niya-crm-dotnet-dev\tests\OXDesk.Tests\OXDesk.Tests.csproj]
D:\WebDevelopment\OX_Desk\niya-crm-dotnet-dev\tests\OXDesk.Tests\Unit\Infrastructure\Data\ChangeHistory\ChangeHistoryLogRepositoryTests.cs(38,21): error CS1503: Argument 2: cannot convert from 'int' to 'System.Guid' [D:\WebDevelopment\OX_Desk\niya-crm-dotnet-dev\tests\OXDesk.Tests\OXDesk.Tests.csproj]
D:\WebDevelopment\OX_Desk\niya-crm-dotnet-dev\tests\OXDesk.Tests\Unit\Infrastructure\Data\ChangeHistory\ChangeHistoryLogRepositoryTests.cs(42,21): error CS1503: Argument 6: cannot convert from 'int' to 'System.Guid' [D:\WebDevelopment\OX_Desk\niya-crm-dotnet-dev\tests\OXDesk.Tests\OXDesk.Tests.csproj]
D:\WebDevelopment\OX_Desk\niya-crm-dotnet-dev\tests\OXDesk.Tests\Unit\Infrastructure\Data\ChangeHistory\ChangeHistoryLogRepositoryTests.cs(49,21): error CS1503: Argument 2: cannot convert from 'int' to 'System.Guid' [D:\WebDevelopment\OX_Desk\niya-crm-dotnet-dev\tests\OXDesk.Tests\OXDesk.Tests.csproj]
D:\WebDevelopment\OX_Desk\niya-crm-dotnet-dev\tests\OXDesk.Tests\Unit\Infrastructure\Data\ChangeHistory\ChangeHistoryLogRepositoryTests.cs(53,21): error CS1503: Argument 6: cannot convert from 'int' to 'System.Guid' [D:\WebDevelopment\OX_Desk\niya-crm-dotnet-dev\tests\OXDesk.Tests\OXDesk.Tests.csproj]
D:\WebDevelopment\OX_Desk\niya-crm-dotnet-dev\tests\OXDesk.Tests\Unit\Core\ChangeHistory\ChangeHistoryLogTests.cs(41,17): error CS1503: Argument 2: cannot convert from 'int' to 'System.Guid' [D:\WebDevelopment\OX_Desk\niya-crm-dotnet-dev\tests\OXDesk.Tests\OXDesk.Tests.csproj]
D:\WebDevelopment\OX_Desk\niya-crm-dotnet-dev\tests\OXDesk.Tests\Unit\Core\ChangeHistory\ChangeHistoryLogTests.cs(45,17): error CS1503: Argument 6: cannot convert from 'int' to 'System.Guid' [D:\WebDevelopment\OX_Desk\niya-crm-dotnet-dev\tests\OXDesk.Tests\OXDesk.Tests.csproj]
D:\WebDevelopment\OX_Desk\niya-crm-dotnet-dev\tests\OXDesk.Tests\Unit\Core\ChangeHistory\ChangeHistoryLogTests.cs(50,13): error CS1929: 'Guid' does not contain a definition for 'ShouldBe' and the best extension method overload 'ShouldBeStringTestExtensions.ShouldBe(string?, string?, string?)' requires a receiver of type 'string?' [D:\WebDevelopment\OX_Desk\niya-crm-dotnet-dev\tests\OXDesk.Tests\OXDesk.Tests.csproj]
D:\WebDevelopment\OX_Desk\niya-crm-dotnet-dev\tests\OXDesk.Tests\Unit\Core\ChangeHistory\ChangeHistoryLogTests.cs(57,13): error CS1929: 'Guid' does not contain a definition for 'ShouldBe' and the best extension method overload 'ShouldBeStringTestExtensions.ShouldBe(string?, string?, string?)' requires a receiver of type 'string?' [D:\WebDevelopment\OX_Desk\niya-crm-dotnet-dev\tests\OXDesk.Tests\OXDesk.Tests.csproj]
D:\WebDevelopment\OX_Desk\niya-crm-dotnet-dev\tests\OXDesk.Tests\Unit\Core\ChangeHistory\ChangeHistoryLogTests.cs(74,17): error CS1503: Argument 2: cannot convert from 'int' to 'System.Guid' [D:\WebDevelopment\OX_Desk\niya-crm-dotnet-dev\tests\OXDesk.Tests\OXDesk.Tests.csproj]
D:\WebDevelopment\OX_Desk\niya-crm-dotnet-dev\tests\OXDesk.Tests\Unit\Core\ChangeHistory\ChangeHistoryLogTests.cs(78,17): error CS1503: Argument 6: cannot convert from 'int' to 'System.Guid' [D:\WebDevelopment\OX_Desk\niya-crm-dotnet-dev\tests\OXDesk.Tests\OXDesk.Tests.csproj]
D:\WebDevelopment\OX_Desk\niya-crm-dotnet-dev\tests\OXDesk.Tests\Unit\Core\ChangeHistory\ChangeHistoryLogTests.cs(83,13): error CS1929: 'Guid' does not contain a definition for 'ShouldBe' and the best extension method overload 'ShouldBeStringTestExtensions.ShouldBe(string?, string?, string?)' requires a receiver of type 'string?' [D:\WebDevelopment\OX_Desk\niya-crm-dotnet-dev\tests\OXDesk.Tests\OXDesk.Tests.csproj]
D:\WebDevelopment\OX_Desk\niya-crm-dotnet-dev\tests\OXDesk.Tests\Unit\Core\ChangeHistory\ChangeHistoryLogTests.cs(88,13): error CS1929: 'Guid' does not contain a definition for 'ShouldBe' and the best extension method overload 'ShouldBeStringTestExtensions.ShouldBe(string?, string?, string?)' requires a receiver of type 'string?' [D:\WebDevelopment\OX_Desk\niya-crm-dotnet-dev\tests\OXDesk.Tests\OXDesk.Tests.csproj]
D:\WebDevelopment\OX_Desk\niya-crm-dotnet-dev\tests\OXDesk.Tests\Unit\Infrastructure\Data\ChangeHistory\ChangeHistoryLogRepositoryTests.cs(93,32): error CS0029: Cannot implicitly convert type 'int' to 'System.Guid' [D:\WebDevelopment\OX_Desk\niya-crm-dotnet-dev\tests\OXDesk.Tests\OXDesk.Tests.csproj]
D:\WebDevelopment\OX_Desk\niya-crm-dotnet-dev\tests\OXDesk.Tests\Unit\Core\ChangeHistory\ChangeHistoryLogTests.cs(100,17): error CS1503: Argument 2: cannot convert from 'int' to 'System.Guid' [D:\WebDevelopment\OX_Desk\niya-crm-dotnet-dev\tests\OXDesk.Tests\OXDesk.Tests.csproj]
D:\WebDevelopment\OX_Desk\niya-crm-dotnet-dev\tests\OXDesk.Tests\Unit\Core\ChangeHistory\ChangeHistoryLogTests.cs(104,17): error CS1503: Argument 6: cannot convert from 'int' to 'System.Guid' [D:\WebDevelopment\OX_Desk\niya-crm-dotnet-dev\tests\OXDesk.Tests\OXDesk.Tests.csproj]
D:\WebDevelopment\OX_Desk\niya-crm-dotnet-dev\tests\OXDesk.Tests\Unit\Infrastructure\Data\ChangeHistory\ChangeHistoryLogRepositoryTests.cs(109,17): error CS1503: Argument 2: cannot convert from 'int' to 'System.Guid' [D:\WebDevelopment\OX_Desk\niya-crm-dotnet-dev\tests\OXDesk.Tests\OXDesk.Tests.csproj]
D:\WebDevelopment\OX_Desk\niya-crm-dotnet-dev\tests\OXDesk.Tests\Unit\Infrastructure\Data\ChangeHistory\ChangeHistoryLogRepositoryTests.cs(113,17): error CS1503: Argument 6: cannot convert from 'int' to 'System.Guid' [D:\WebDevelopment\OX_Desk\niya-crm-dotnet-dev\tests\OXDesk.Tests\OXDesk.Tests.csproj]
D:\WebDevelopment\OX_Desk\niya-crm-dotnet-dev\tests\OXDesk.Tests\Unit\Application\Tenants\TenantServiceTests.cs(86,26): error CS0029: Cannot implicitly convert type 'int' to 'System.Guid' [D:\WebDevelopment\OX_Desk\niya-crm-dotnet-dev\tests\OXDesk.Tests\OXDesk.Tests.csproj]
D:\WebDevelopment\OX_Desk\niya-crm-dotnet-dev\tests\OXDesk.Tests\Unit\Application\Tenants\TenantServiceUpdateTests.cs(86,26): error CS0029: Cannot implicitly convert type 'int' to 'System.Guid' [D:\WebDevelopment\OX_Desk\niya-crm-dotnet-dev\tests\OXDesk.Tests\OXDesk.Tests.csproj]
D:\WebDevelopment\OX_Desk\niya-crm-dotnet-dev\tests\OXDesk.Tests\Unit\Application\ChangeHistory\ChangeHistoryLogServiceTests.cs(48,17): error CS1503: Argument 2: cannot convert from 'int' to 'System.Guid' [D:\WebDevelopment\OX_Desk\niya-crm-dotnet-dev\tests\OXDesk.Tests\OXDesk.Tests.csproj]
D:\WebDevelopment\OX_Desk\niya-crm-dotnet-dev\tests\OXDesk.Tests\Unit\Application\ChangeHistory\ChangeHistoryLogServiceTests.cs(52,17): error CS1503: Argument 6: cannot convert from 'int' to 'System.Guid' [D:\WebDevelopment\OX_Desk\niya-crm-dotnet-dev\tests\OXDesk.Tests\OXDesk.Tests.csproj]
D:\WebDevelopment\OX_Desk\niya-crm-dotnet-dev\tests\OXDesk.Tests\Unit\Application\ChangeHistory\ChangeHistoryLogServiceTests.cs(58,13): error CS1929: 'Guid' does not contain a definition for 'ShouldBe' and the best extension method overload 'ShouldBeStringTestExtensions.ShouldBe(string?, string?, string?)' requires a receiver of type 'string?' [D:\WebDevelopment\OX_Desk\niya-crm-dotnet-dev\tests\OXDesk.Tests\OXDesk.Tests.csproj]
D:\WebDevelopment\OX_Desk\niya-crm-dotnet-dev\tests\OXDesk.Tests\Unit\Application\ChangeHistory\ChangeHistoryLogServiceTests.cs(62,13): error CS1929: 'Guid' does not contain a definition for 'ShouldBe' and the best extension method overload 'ShouldBeStringTestExtensions.ShouldBe(string?, string?, string?)' requires a receiver of type 'string?' [D:\WebDevelopment\OX_Desk\niya-crm-dotnet-dev\tests\OXDesk.Tests\OXDesk.Tests.csproj]
D:\WebDevelopment\OX_Desk\niya-crm-dotnet-dev\tests\OXDesk.Tests\Unit\Application\Tenants\TenantServiceTests.cs(106,26): error CS0029: Cannot implicitly convert type 'int' to 'System.Guid' [D:\WebDevelopment\OX_Desk\niya-crm-dotnet-dev\tests\OXDesk.Tests\OXDesk.Tests.csproj]
D:\WebDevelopment\OX_Desk\niya-crm-dotnet-dev\tests\OXDesk.Tests\Unit\Application\Tenants\TenantServiceUpdateTests.cs(107,26): error CS0029: Cannot implicitly convert type 'int' to 'System.Guid' [D:\WebDevelopment\OX_Desk\niya-crm-dotnet-dev\tests\OXDesk.Tests\OXDesk.Tests.csproj]
D:\WebDevelopment\OX_Desk\niya-crm-dotnet-dev\tests\OXDesk.Tests\Unit\Application\Tenants\TenantServiceTests.cs(126,26): error CS0029: Cannot implicitly convert type 'int' to 'System.Guid' [D:\WebDevelopment\OX_Desk\niya-crm-dotnet-dev\tests\OXDesk.Tests\OXDesk.Tests.csproj]
D:\WebDevelopment\OX_Desk\niya-crm-dotnet-dev\tests\OXDesk.Tests\Unit\Application\Tenants\TenantServiceUpdateTests.cs(128,26): error CS0029: Cannot implicitly convert type 'int' to 'System.Guid' [D:\WebDevelopment\OX_Desk\niya-crm-dotnet-dev\tests\OXDesk.Tests\OXDesk.Tests.csproj]
D:\WebDevelopment\OX_Desk\niya-crm-dotnet-dev\tests\OXDesk.Tests\Unit\Application\ChangeHistory\ChangeHistoryLogServiceTests.cs(72,35): error CS7036: There is no argument given that corresponds to the required parameter 'entityType' of 'ChangeHistoryLog.ChangeHistoryLog(string, Guid, string, string?, string?, Guid)' [D:\WebDevelopment\OX_Desk\niya-crm-dotnet-dev\tests\OXDesk.Tests\OXDesk.Tests.csproj]
D:\WebDevelopment\OX_Desk\niya-crm-dotnet-dev\tests\OXDesk.Tests\Unit\Application\ChangeHistory\ChangeHistoryLogServiceTests.cs(76,32): error CS0029: Cannot implicitly convert type 'int' to 'System.Guid' [D:\WebDevelopment\OX_Desk\niya-crm-dotnet-dev\tests\OXDesk.Tests\OXDesk.Tests.csproj]
D:\WebDevelopment\OX_Desk\niya-crm-dotnet-dev\tests\OXDesk.Tests\Unit\Application\ChangeHistory\ChangeHistoryLogServiceTests.cs(81,29): error CS0029: Cannot implicitly convert type 'int' to 'System.Guid' [D:\WebDevelopment\OX_Desk\niya-crm-dotnet-dev\tests\OXDesk.Tests\OXDesk.Tests.csproj]
D:\WebDevelopment\OX_Desk\niya-crm-dotnet-dev\tests\OXDesk.Tests\Unit\Application\Tenants\TenantServiceUpdateTests.cs(149,26): error CS0029: Cannot implicitly convert type 'int' to 'System.Guid' [D:\WebDevelopment\OX_Desk\niya-crm-dotnet-dev\tests\OXDesk.Tests\OXDesk.Tests.csproj]
D:\WebDevelopment\OX_Desk\niya-crm-dotnet-dev\tests\OXDesk.Tests\Unit\Application\Tenants\TenantServiceTests.cs(147,26): error CS0029: Cannot implicitly convert type 'int' to 'System.Guid' [D:\WebDevelopment\OX_Desk\niya-crm-dotnet-dev\tests\OXDesk.Tests\OXDesk.Tests.csproj]
D:\WebDevelopment\OX_Desk\niya-crm-dotnet-dev\tests\OXDesk.Tests\Unit\Application\Tenants\TenantServiceUpdateTests.cs(181,26): error CS0029: Cannot implicitly convert type 'int' to 'System.Guid' [D:\WebDevelopment\OX_Desk\niya-crm-dotnet-dev\tests\OXDesk.Tests\OXDesk.Tests.csproj]
D:\WebDevelopment\OX_Desk\niya-crm-dotnet-dev\tests\OXDesk.Tests\Unit\Application\AppSetup\AppSetupServiceTests.cs(147,21): error CS1503: Argument 2: cannot convert from 'int?' to 'System.Guid?' [D:\WebDevelopment\OX_Desk\niya-crm-dotnet-dev\tests\OXDesk.Tests\OXDesk.Tests.csproj]
D:\WebDevelopment\OX_Desk\niya-crm-dotnet-dev\tests\OXDesk.Tests\Unit\Application\AppSetup\AppSetupServiceTests.cs(179,21): error CS1503: Argument 2: cannot convert from 'int?' to 'System.Guid?' [D:\WebDevelopment\OX_Desk\niya-crm-dotnet-dev\tests\OXDesk.Tests\OXDesk.Tests.csproj]
D:\WebDevelopment\OX_Desk\niya-crm-dotnet-dev\tests\OXDesk.Tests\Unit\Application\Tenants\TenantServiceUpdateTests.cs(241,26): error CS0029: Cannot implicitly convert type 'int' to 'System.Guid' [D:\WebDevelopment\OX_Desk\niya-crm-dotnet-dev\tests\OXDesk.Tests\OXDesk.Tests.csproj]
D:\WebDevelopment\OX_Desk\niya-crm-dotnet-dev\tests\OXDesk.Tests\Unit\Application\AppSetup\AppSetupServiceTests.cs(201,21): error CS1503: Argument 2: cannot convert from 'int?' to 'System.Guid?' [D:\WebDevelopment\OX_Desk\niya-crm-dotnet-dev\tests\OXDesk.Tests\OXDesk.Tests.csproj]
D:\WebDevelopment\OX_Desk\niya-crm-dotnet-dev\tests\OXDesk.Tests\Unit\Application\ChangeHistory\ChangeHistoryLogServiceTests.cs(112,17): error CS7036: There is no argument given that corresponds to the required parameter 'entityType' of 'ChangeHistoryLog.ChangeHistoryLog(string, Guid, string, string?, string?, Guid)' [D:\WebDevelopment\OX_Desk\niya-crm-dotnet-dev\tests\OXDesk.Tests\OXDesk.Tests.csproj]
D:\WebDevelopment\OX_Desk\niya-crm-dotnet-dev\tests\OXDesk.Tests\Unit\Application\ChangeHistory\ChangeHistoryLogServiceTests.cs(115,36): error CS0029: Cannot implicitly convert type 'int' to 'System.Guid' [D:\WebDevelopment\OX_Desk\niya-crm-dotnet-dev\tests\OXDesk.Tests\OXDesk.Tests.csproj]
D:\WebDevelopment\OX_Desk\niya-crm-dotnet-dev\tests\OXDesk.Tests\Unit\Application\ChangeHistory\ChangeHistoryLogServiceTests.cs(117,33): error CS0029: Cannot implicitly convert type 'int' to 'System.Guid' [D:\WebDevelopment\OX_Desk\niya-crm-dotnet-dev\tests\OXDesk.Tests\OXDesk.Tests.csproj]
D:\WebDevelopment\OX_Desk\niya-crm-dotnet-dev\tests\OXDesk.Tests\Unit\Application\ChangeHistory\ChangeHistoryLogServiceTests.cs(126,25): error CS0019: Operator '==' cannot be applied to operands of type 'Guid' and 'int' [D:\WebDevelopment\OX_Desk\niya-crm-dotnet-dev\tests\OXDesk.Tests\OXDesk.Tests.csproj]
D:\WebDevelopment\OX_Desk\niya-crm-dotnet-dev\tests\OXDesk.Tests\Unit\Application\ChangeHistory\ChangeHistoryLogServiceTests.cs(128,25): error CS0019: Operator '==' cannot be applied to operands of type 'Guid?' and 'int' [D:\WebDevelopment\OX_Desk\niya-crm-dotnet-dev\tests\OXDesk.Tests\OXDesk.Tests.csproj]
D:\WebDevelopment\OX_Desk\niya-crm-dotnet-dev\tests\OXDesk.Tests\Unit\Application\ChangeHistory\ChangeHistoryLogServiceTests.cs(140,32): error CS0029: Cannot implicitly convert type 'int' to 'System.Guid' [D:\WebDevelopment\OX_Desk\niya-crm-dotnet-dev\tests\OXDesk.Tests\OXDesk.Tests.csproj]
D:\WebDevelopment\OX_Desk\niya-crm-dotnet-dev\tests\OXDesk.Tests\Unit\Application\ChangeHistory\ChangeHistoryLogServiceTests.cs(142,29): error CS0029: Cannot implicitly convert type 'int' to 'System.Guid?' [D:\WebDevelopment\OX_Desk\niya-crm-dotnet-dev\tests\OXDesk.Tests\OXDesk.Tests.csproj]
D:\WebDevelopment\OX_Desk\niya-crm-dotnet-dev\tests\OXDesk.Tests\Unit\Application\ChangeHistory\ChangeHistoryLogServiceTests.cs(155,13): error CS1929: 'Guid' does not contain a definition for 'ShouldBe' and the best extension method overload 'ShouldBeStringTestExtensions.ShouldBe(string?, string?, string?)' requires a receiver of type 'string?' [D:\WebDevelopment\OX_Desk\niya-crm-dotnet-dev\tests\OXDesk.Tests\OXDesk.Tests.csproj]
D:\WebDevelopment\OX_Desk\niya-crm-dotnet-dev\tests\OXDesk.Tests\Unit\Application\ChangeHistory\ChangeHistoryLogServiceTests.cs(157,13): error CS1929: 'Guid' does not contain a definition for 'ShouldBe' and the best extension method overload 'ShouldBeStringTestExtensions.ShouldBe(string?, string?, string?)' requires a receiver of type 'string?' [D:\WebDevelopment\OX_Desk\niya-crm-dotnet-dev\tests\OXDesk.Tests\OXDesk.Tests.csproj]
D:\WebDevelopment\OX_Desk\niya-crm-dotnet-dev\tests\OXDesk.Tests\Unit\Application\ChangeHistory\ChangeHistoryLogServiceTests.cs(162,21): error CS0019: Operator '==' cannot be applied to operands of type 'Guid' and 'int' [D:\WebDevelopment\OX_Desk\niya-crm-dotnet-dev\tests\OXDesk.Tests\OXDesk.Tests.csproj]
D:\WebDevelopment\OX_Desk\niya-crm-dotnet-dev\tests\OXDesk.Tests\Unit\Application\ChangeHistory\ChangeHistoryLogServiceTests.cs(164,21): error CS0019: Operator '==' cannot be applied to operands of type 'Guid?' and 'int' [D:\WebDevelopment\OX_Desk\niya-crm-dotnet-dev\tests\OXDesk.Tests\OXDesk.Tests.csproj]
D:\WebDevelopment\OX_Desk\niya-crm-dotnet-dev\tests\OXDesk.Tests\Unit\Application\Tenants\TenantServiceUpdateTests.cs(304,26): error CS0029: Cannot implicitly convert type 'int' to 'System.Guid' [D:\WebDevelopment\OX_Desk\niya-crm-dotnet-dev\tests\OXDesk.Tests\OXDesk.Tests.csproj]
D:\WebDevelopment\OX_Desk\niya-crm-dotnet-dev\tests\OXDesk.Tests\Unit\Application\Tenants\TenantServiceUpdateTests.cs(317,29): error CS0029: Cannot implicitly convert type 'int' to 'System.Guid' [D:\WebDevelopment\OX_Desk\niya-crm-dotnet-dev\tests\OXDesk.Tests\OXDesk.Tests.csproj]
D:\WebDevelopment\OX_Desk\niya-crm-dotnet-dev\tests\OXDesk.Tests\Unit\Application\Tenants\TenantServiceUpdateTests.cs(331,29): error CS0029: Cannot implicitly convert type 'int' to 'System.Guid' [D:\WebDevelopment\OX_Desk\niya-crm-dotnet-dev\tests\OXDesk.Tests\OXDesk.Tests.csproj]
D:\WebDevelopment\OX_Desk\niya-crm-dotnet-dev\tests\OXDesk.Tests\Unit\Application\Tenants\TenantServiceTests.cs(362,26): error CS0029: Cannot implicitly convert type 'int' to 'System.Guid' [D:\WebDevelopment\OX_Desk\niya-crm-dotnet-dev\tests\OXDesk.Tests\OXDesk.Tests.csproj]

Build FAILED.

D:\WebDevelopment\OX_Desk\niya-crm-dotnet-dev\tests\OXDesk.Tests\Unit\Core\ChangeHistory\ChangeHistoryLogTests.cs(14,40): error CS7036: There is no argument given that corresponds to the required parameter 'entityType' of 'ChangeHistoryLog.ChangeHistoryLog(string, Guid, string, string?, string?, Guid)' [D:\WebDevelopment\OX_Desk\niya-crm-dotnet-dev\tests\OXDesk.Tests\OXDesk.Tests.csproj]
D:\WebDevelopment\OX_Desk\niya-crm-dotnet-dev\tests\OXDesk.Tests\Unit\Core\ChangeHistory\ChangeHistoryLogTests.cs(19,13): error CS1929: 'Guid' does not contain a definition for 'ShouldBe' and the best extension method overload 'ShouldBeStringTestExtensions.ShouldBe(string?, string?, string?)' requires a receiver of type 'string?' [D:\WebDevelopment\OX_Desk\niya-crm-dotnet-dev\tests\OXDesk.Tests\OXDesk.Tests.csproj]
D:\WebDevelopment\OX_Desk\niya-crm-dotnet-dev\tests\OXDesk.Tests\Unit\Core\ChangeHistory\ChangeHistoryLogTests.cs(24,13): error CS1929: 'Guid' does not contain a definition for 'ShouldBe' and the best extension method overload 'ShouldBeStringTestExtensions.ShouldBe(string?, string?, string?)' requires a receiver of type 'string?' [D:\WebDevelopment\OX_Desk\niya-crm-dotnet-dev\tests\OXDesk.Tests\OXDesk.Tests.csproj]
D:\WebDevelopment\OX_Desk\niya-crm-dotnet-dev\tests\OXDesk.Tests\Unit\Infrastructure\Data\ChangeHistory\ChangeHistoryLogRepositoryTests.cs(38,21): error CS1503: Argument 2: cannot convert from 'int' to 'System.Guid' [D:\WebDevelopment\OX_Desk\niya-crm-dotnet-dev\tests\OXDesk.Tests\OXDesk.Tests.csproj]
D:\WebDevelopment\OX_Desk\niya-crm-dotnet-dev\tests\OXDesk.Tests\Unit\Infrastructure\Data\ChangeHistory\ChangeHistoryLogRepositoryTests.cs(42,21): error CS1503: Argument 6: cannot convert from 'int' to 'System.Guid' [D:\WebDevelopment\OX_Desk\niya-crm-dotnet-dev\tests\OXDesk.Tests\OXDesk.Tests.csproj]
D:\WebDevelopment\OX_Desk\niya-crm-dotnet-dev\tests\OXDesk.Tests\Unit\Infrastructure\Data\ChangeHistory\ChangeHistoryLogRepositoryTests.cs(49,21): error CS1503: Argument 2: cannot convert from 'int' to 'System.Guid' [D:\WebDevelopment\OX_Desk\niya-crm-dotnet-dev\tests\OXDesk.Tests\OXDesk.Tests.csproj]
D:\WebDevelopment\OX_Desk\niya-crm-dotnet-dev\tests\OXDesk.Tests\Unit\Infrastructure\Data\ChangeHistory\ChangeHistoryLogRepositoryTests.cs(53,21): error CS1503: Argument 6: cannot convert from 'int' to 'System.Guid' [D:\WebDevelopment\OX_Desk\niya-crm-dotnet-dev\tests\OXDesk.Tests\OXDesk.Tests.csproj]
D:\WebDevelopment\OX_Desk\niya-crm-dotnet-dev\tests\OXDesk.Tests\Unit\Core\ChangeHistory\ChangeHistoryLogTests.cs(41,17): error CS1503: Argument 2: cannot convert from 'int' to 'System.Guid' [D:\WebDevelopment\OX_Desk\niya-crm-dotnet-dev\tests\OXDesk.Tests\OXDesk.Tests.csproj]
D:\WebDevelopment\OX_Desk\niya-crm-dotnet-dev\tests\OXDesk.Tests\Unit\Core\ChangeHistory\ChangeHistoryLogTests.cs(45,17): error CS1503: Argument 6: cannot convert from 'int' to 'System.Guid' [D:\WebDevelopment\OX_Desk\niya-crm-dotnet-dev\tests\OXDesk.Tests\OXDesk.Tests.csproj]
D:\WebDevelopment\OX_Desk\niya-crm-dotnet-dev\tests\OXDesk.Tests\Unit\Core\ChangeHistory\ChangeHistoryLogTests.cs(50,13): error CS1929: 'Guid' does not contain a definition for 'ShouldBe' and the best extension method overload 'ShouldBeStringTestExtensions.ShouldBe(string?, string?, string?)' requires a receiver of type 'string?' [D:\WebDevelopment\OX_Desk\niya-crm-dotnet-dev\tests\OXDesk.Tests\OXDesk.Tests.csproj]
D:\WebDevelopment\OX_Desk\niya-crm-dotnet-dev\tests\OXDesk.Tests\Unit\Core\ChangeHistory\ChangeHistoryLogTests.cs(57,13): error CS1929: 'Guid' does not contain a definition for 'ShouldBe' and the best extension method overload 'ShouldBeStringTestExtensions.ShouldBe(string?, string?, string?)' requires a receiver of type 'string?' [D:\WebDevelopment\OX_Desk\niya-crm-dotnet-dev\tests\OXDesk.Tests\OXDesk.Tests.csproj]
D:\WebDevelopment\OX_Desk\niya-crm-dotnet-dev\tests\OXDesk.Tests\Unit\Core\ChangeHistory\ChangeHistoryLogTests.cs(74,17): error CS1503: Argument 2: cannot convert from 'int' to 'System.Guid' [D:\WebDevelopment\OX_Desk\niya-crm-dotnet-dev\tests\OXDesk.Tests\OXDesk.Tests.csproj]
D:\WebDevelopment\OX_Desk\niya-crm-dotnet-dev\tests\OXDesk.Tests\Unit\Core\ChangeHistory\ChangeHistoryLogTests.cs(78,17): error CS1503: Argument 6: cannot convert from 'int' to 'System.Guid' [D:\WebDevelopment\OX_Desk\niya-crm-dotnet-dev\tests\OXDesk.Tests\OXDesk.Tests.csproj]
D:\WebDevelopment\OX_Desk\niya-crm-dotnet-dev\tests\OXDesk.Tests\Unit\Core\ChangeHistory\ChangeHistoryLogTests.cs(83,13): error CS1929: 'Guid' does not contain a definition for 'ShouldBe' and the best extension method overload 'ShouldBeStringTestExtensions.ShouldBe(string?, string?, string?)' requires a receiver of type 'string?' [D:\WebDevelopment\OX_Desk\niya-crm-dotnet-dev\tests\OXDesk.Tests\OXDesk.Tests.csproj]
D:\WebDevelopment\OX_Desk\niya-crm-dotnet-dev\tests\OXDesk.Tests\Unit\Core\ChangeHistory\ChangeHistoryLogTests.cs(88,13): error CS1929: 'Guid' does not contain a definition for 'ShouldBe' and the best extension method overload 'ShouldBeStringTestExtensions.ShouldBe(string?, string?, string?)' requires a receiver of type 'string?' [D:\WebDevelopment\OX_Desk\niya-crm-dotnet-dev\tests\OXDesk.Tests\OXDesk.Tests.csproj]
D:\WebDevelopment\OX_Desk\niya-crm-dotnet-dev\tests\OXDesk.Tests\Unit\Infrastructure\Data\ChangeHistory\ChangeHistoryLogRepositoryTests.cs(93,32): error CS0029: Cannot implicitly convert type 'int' to 'System.Guid' [D:\WebDevelopment\OX_Desk\niya-crm-dotnet-dev\tests\OXDesk.Tests\OXDesk.Tests.csproj]
D:\WebDevelopment\OX_Desk\niya-crm-dotnet-dev\tests\OXDesk.Tests\Unit\Core\ChangeHistory\ChangeHistoryLogTests.cs(100,17): error CS1503: Argument 2: cannot convert from 'int' to 'System.Guid' [D:\WebDevelopment\OX_Desk\niya-crm-dotnet-dev\tests\OXDesk.Tests\OXDesk.Tests.csproj]
D:\WebDevelopment\OX_Desk\niya-crm-dotnet-dev\tests\OXDesk.Tests\Unit\Core\ChangeHistory\ChangeHistoryLogTests.cs(104,17): error CS1503: Argument 6: cannot convert from 'int' to 'System.Guid' [D:\WebDevelopment\OX_Desk\niya-crm-dotnet-dev\tests\OXDesk.Tests\OXDesk.Tests.csproj]
D:\WebDevelopment\OX_Desk\niya-crm-dotnet-dev\tests\OXDesk.Tests\Unit\Infrastructure\Data\ChangeHistory\ChangeHistoryLogRepositoryTests.cs(109,17): error CS1503: Argument 2: cannot convert from 'int' to 'System.Guid' [D:\WebDevelopment\OX_Desk\niya-crm-dotnet-dev\tests\OXDesk.Tests\OXDesk.Tests.csproj]
D:\WebDevelopment\OX_Desk\niya-crm-dotnet-dev\tests\OXDesk.Tests\Unit\Infrastructure\Data\ChangeHistory\ChangeHistoryLogRepositoryTests.cs(113,17): error CS1503: Argument 6: cannot convert from 'int' to 'System.Guid' [D:\WebDevelopment\OX_Desk\niya-crm-dotnet-dev\tests\OXDesk.Tests\OXDesk.Tests.csproj]
D:\WebDevelopment\OX_Desk\niya-crm-dotnet-dev\tests\OXDesk.Tests\Unit\Application\Tenants\TenantServiceTests.cs(86,26): error CS0029: Cannot implicitly convert type 'int' to 'System.Guid' [D:\WebDevelopment\OX_Desk\niya-crm-dotnet-dev\tests\OXDesk.Tests\OXDesk.Tests.csproj]
D:\WebDevelopment\OX_Desk\niya-crm-dotnet-dev\tests\OXDesk.Tests\Unit\Application\Tenants\TenantServiceUpdateTests.cs(86,26): error CS0029: Cannot implicitly convert type 'int' to 'System.Guid' [D:\WebDevelopment\OX_Desk\niya-crm-dotnet-dev\tests\OXDesk.Tests\OXDesk.Tests.csproj]
D:\WebDevelopment\OX_Desk\niya-crm-dotnet-dev\tests\OXDesk.Tests\Unit\Application\ChangeHistory\ChangeHistoryLogServiceTests.cs(48,17): error CS1503: Argument 2: cannot convert from 'int' to 'System.Guid' [D:\WebDevelopment\OX_Desk\niya-crm-dotnet-dev\tests\OXDesk.Tests\OXDesk.Tests.csproj]
D:\WebDevelopment\OX_Desk\niya-crm-dotnet-dev\tests\OXDesk.Tests\Unit\Application\ChangeHistory\ChangeHistoryLogServiceTests.cs(52,17): error CS1503: Argument 6: cannot convert from 'int' to 'System.Guid' [D:\WebDevelopment\OX_Desk\niya-crm-dotnet-dev\tests\OXDesk.Tests\OXDesk.Tests.csproj]
D:\WebDevelopment\OX_Desk\niya-crm-dotnet-dev\tests\OXDesk.Tests\Unit\Application\ChangeHistory\ChangeHistoryLogServiceTests.cs(58,13): error CS1929: 'Guid' does not contain a definition for 'ShouldBe' and the best extension method overload 'ShouldBeStringTestExtensions.ShouldBe(string?, string?, string?)' requires a receiver of type 'string?' [D:\WebDevelopment\OX_Desk\niya-crm-dotnet-dev\tests\OXDesk.Tests\OXDesk.Tests.csproj]
D:\WebDevelopment\OX_Desk\niya-crm-dotnet-dev\tests\OXDesk.Tests\Unit\Application\ChangeHistory\ChangeHistoryLogServiceTests.cs(62,13): error CS1929: 'Guid' does not contain a definition for 'ShouldBe' and the best extension method overload 'ShouldBeStringTestExtensions.ShouldBe(string?, string?, string?)' requires a receiver of type 'string?' [D:\WebDevelopment\OX_Desk\niya-crm-dotnet-dev\tests\OXDesk.Tests\OXDesk.Tests.csproj]
D:\WebDevelopment\OX_Desk\niya-crm-dotnet-dev\tests\OXDesk.Tests\Unit\Application\Tenants\TenantServiceTests.cs(106,26): error CS0029: Cannot implicitly convert type 'int' to 'System.Guid' [D:\WebDevelopment\OX_Desk\niya-crm-dotnet-dev\tests\OXDesk.Tests\OXDesk.Tests.csproj]
D:\WebDevelopment\OX_Desk\niya-crm-dotnet-dev\tests\OXDesk.Tests\Unit\Application\Tenants\TenantServiceUpdateTests.cs(107,26): error CS0029: Cannot implicitly convert type 'int' to 'System.Guid' [D:\WebDevelopment\OX_Desk\niya-crm-dotnet-dev\tests\OXDesk.Tests\OXDesk.Tests.csproj]
D:\WebDevelopment\OX_Desk\niya-crm-dotnet-dev\tests\OXDesk.Tests\Unit\Application\Tenants\TenantServiceTests.cs(126,26): error CS0029: Cannot implicitly convert type 'int' to 'System.Guid' [D:\WebDevelopment\OX_Desk\niya-crm-dotnet-dev\tests\OXDesk.Tests\OXDesk.Tests.csproj]
D:\WebDevelopment\OX_Desk\niya-crm-dotnet-dev\tests\OXDesk.Tests\Unit\Application\Tenants\TenantServiceUpdateTests.cs(128,26): error CS0029: Cannot implicitly convert type 'int' to 'System.Guid' [D:\WebDevelopment\OX_Desk\niya-crm-dotnet-dev\tests\OXDesk.Tests\OXDesk.Tests.csproj]
D:\WebDevelopment\OX_Desk\niya-crm-dotnet-dev\tests\OXDesk.Tests\Unit\Application\ChangeHistory\ChangeHistoryLogServiceTests.cs(72,35): error CS7036: There is no argument given that corresponds to the required parameter 'entityType' of 'ChangeHistoryLog.ChangeHistoryLog(string, Guid, string, string?, string?, Guid)' [D:\WebDevelopment\OX_Desk\niya-crm-dotnet-dev\tests\OXDesk.Tests\OXDesk.Tests.csproj]
D:\WebDevelopment\OX_Desk\niya-crm-dotnet-dev\tests\OXDesk.Tests\Unit\Application\ChangeHistory\ChangeHistoryLogServiceTests.cs(76,32): error CS0029: Cannot implicitly convert type 'int' to 'System.Guid' [D:\WebDevelopment\OX_Desk\niya-crm-dotnet-dev\tests\OXDesk.Tests\OXDesk.Tests.csproj]
D:\WebDevelopment\OX_Desk\niya-crm-dotnet-dev\tests\OXDesk.Tests\Unit\Application\ChangeHistory\ChangeHistoryLogServiceTests.cs(81,29): error CS0029: Cannot implicitly convert type 'int' to 'System.Guid' [D:\WebDevelopment\OX_Desk\niya-crm-dotnet-dev\tests\OXDesk.Tests\OXDesk.Tests.csproj]
D:\WebDevelopment\OX_Desk\niya-crm-dotnet-dev\tests\OXDesk.Tests\Unit\Application\Tenants\TenantServiceUpdateTests.cs(149,26): error CS0029: Cannot implicitly convert type 'int' to 'System.Guid' [D:\WebDevelopment\OX_Desk\niya-crm-dotnet-dev\tests\OXDesk.Tests\OXDesk.Tests.csproj]
D:\WebDevelopment\OX_Desk\niya-crm-dotnet-dev\tests\OXDesk.Tests\Unit\Application\Tenants\TenantServiceTests.cs(147,26): error CS0029: Cannot implicitly convert type 'int' to 'System.Guid' [D:\WebDevelopment\OX_Desk\niya-crm-dotnet-dev\tests\OXDesk.Tests\OXDesk.Tests.csproj]
D:\WebDevelopment\OX_Desk\niya-crm-dotnet-dev\tests\OXDesk.Tests\Unit\Application\Tenants\TenantServiceUpdateTests.cs(181,26): error CS0029: Cannot implicitly convert type 'int' to 'System.Guid' [D:\WebDevelopment\OX_Desk\niya-crm-dotnet-dev\tests\OXDesk.Tests\OXDesk.Tests.csproj]
D:\WebDevelopment\OX_Desk\niya-crm-dotnet-dev\tests\OXDesk.Tests\Unit\Application\AppSetup\AppSetupServiceTests.cs(147,21): error CS1503: Argument 2: cannot convert from 'int?' to 'System.Guid?' [D:\WebDevelopment\OX_Desk\niya-crm-dotnet-dev\tests\OXDesk.Tests\OXDesk.Tests.csproj]
D:\WebDevelopment\OX_Desk\niya-crm-dotnet-dev\tests\OXDesk.Tests\Unit\Application\AppSetup\AppSetupServiceTests.cs(179,21): error CS1503: Argument 2: cannot convert from 'int?' to 'System.Guid?' [D:\WebDevelopment\OX_Desk\niya-crm-dotnet-dev\tests\OXDesk.Tests\OXDesk.Tests.csproj]
D:\WebDevelopment\OX_Desk\niya-crm-dotnet-dev\tests\OXDesk.Tests\Unit\Application\Tenants\TenantServiceUpdateTests.cs(241,26): error CS0029: Cannot implicitly convert type 'int' to 'System.Guid' [D:\WebDevelopment\OX_Desk\niya-crm-dotnet-dev\tests\OXDesk.Tests\OXDesk.Tests.csproj]
D:\WebDevelopment\OX_Desk\niya-crm-dotnet-dev\tests\OXDesk.Tests\Unit\Application\AppSetup\AppSetupServiceTests.cs(201,21): error CS1503: Argument 2: cannot convert from 'int?' to 'System.Guid?' [D:\WebDevelopment\OX_Desk\niya-crm-dotnet-dev\tests\OXDesk.Tests\OXDesk.Tests.csproj]
D:\WebDevelopment\OX_Desk\niya-crm-dotnet-dev\tests\OXDesk.Tests\Unit\Application\ChangeHistory\ChangeHistoryLogServiceTests.cs(112,17): error CS7036: There is no argument given that corresponds to the required parameter 'entityType' of 'ChangeHistoryLog.ChangeHistoryLog(string, Guid, string, string?, string?, Guid)' [D:\WebDevelopment\OX_Desk\niya-crm-dotnet-dev\tests\OXDesk.Tests\OXDesk.Tests.csproj]
D:\WebDevelopment\OX_Desk\niya-crm-dotnet-dev\tests\OXDesk.Tests\Unit\Application\ChangeHistory\ChangeHistoryLogServiceTests.cs(115,36): error CS0029: Cannot implicitly convert type 'int' to 'System.Guid' [D:\WebDevelopment\OX_Desk\niya-crm-dotnet-dev\tests\OXDesk.Tests\OXDesk.Tests.csproj]
D:\WebDevelopment\OX_Desk\niya-crm-dotnet-dev\tests\OXDesk.Tests\Unit\Application\ChangeHistory\ChangeHistoryLogServiceTests.cs(117,33): error CS0029: Cannot implicitly convert type 'int' to 'System.Guid' [D:\WebDevelopment\OX_Desk\niya-crm-dotnet-dev\tests\OXDesk.Tests\OXDesk.Tests.csproj]
D:\WebDevelopment\OX_Desk\niya-crm-dotnet-dev\tests\OXDesk.Tests\Unit\Application\ChangeHistory\ChangeHistoryLogServiceTests.cs(126,25): error CS0019: Operator '==' cannot be applied to operands of type 'Guid' and 'int' [D:\WebDevelopment\OX_Desk\niya-crm-dotnet-dev\tests\OXDesk.Tests\OXDesk.Tests.csproj]
D:\WebDevelopment\OX_Desk\niya-crm-dotnet-dev\tests\OXDesk.Tests\Unit\Application\ChangeHistory\ChangeHistoryLogServiceTests.cs(128,25): error CS0019: Operator '==' cannot be applied to operands of type 'Guid?' and 'int' [D:\WebDevelopment\OX_Desk\niya-crm-dotnet-dev\tests\OXDesk.Tests\OXDesk.Tests.csproj]
D:\WebDevelopment\OX_Desk\niya-crm-dotnet-dev\tests\OXDesk.Tests\Unit\Application\ChangeHistory\ChangeHistoryLogServiceTests.cs(140,32): error CS0029: Cannot implicitly convert type 'int' to 'System.Guid' [D:\WebDevelopment\OX_Desk\niya-crm-dotnet-dev\tests\OXDesk.Tests\OXDesk.Tests.csproj]
D:\WebDevelopment\OX_Desk\niya-crm-dotnet-dev\tests\OXDesk.Tests\Unit\Application\ChangeHistory\ChangeHistoryLogServiceTests.cs(142,29): error CS0029: Cannot implicitly convert type 'int' to 'System.Guid?' [D:\WebDevelopment\OX_Desk\niya-crm-dotnet-dev\tests\OXDesk.Tests\OXDesk.Tests.csproj]
D:\WebDevelopment\OX_Desk\niya-crm-dotnet-dev\tests\OXDesk.Tests\Unit\Application\ChangeHistory\ChangeHistoryLogServiceTests.cs(155,13): error CS1929: 'Guid' does not contain a definition for 'ShouldBe' and the best extension method overload 'ShouldBeStringTestExtensions.ShouldBe(string?, string?, string?)' requires a receiver of type 'string?' [D:\WebDevelopment\OX_Desk\niya-crm-dotnet-dev\tests\OXDesk.Tests\OXDesk.Tests.csproj]
D:\WebDevelopment\OX_Desk\niya-crm-dotnet-dev\tests\OXDesk.Tests\Unit\Application\ChangeHistory\ChangeHistoryLogServiceTests.cs(157,13): error CS1929: 'Guid' does not contain a definition for 'ShouldBe' and the best extension method overload 'ShouldBeStringTestExtensions.ShouldBe(string?, string?, string?)' requires a receiver of type 'string?' [D:\WebDevelopment\OX_Desk\niya-crm-dotnet-dev\tests\OXDesk.Tests\OXDesk.Tests.csproj]
D:\WebDevelopment\OX_Desk\niya-crm-dotnet-dev\tests\OXDesk.Tests\Unit\Application\ChangeHistory\ChangeHistoryLogServiceTests.cs(162,21): error CS0019: Operator '==' cannot be applied to operands of type 'Guid' and 'int' [D:\WebDevelopment\OX_Desk\niya-crm-dotnet-dev\tests\OXDesk.Tests\OXDesk.Tests.csproj]
D:\WebDevelopment\OX_Desk\niya-crm-dotnet-dev\tests\OXDesk.Tests\Unit\Application\ChangeHistory\ChangeHistoryLogServiceTests.cs(164,21): error CS0019: Operator '==' cannot be applied to operands of type 'Guid?' and 'int' [D:\WebDevelopment\OX_Desk\niya-crm-dotnet-dev\tests\OXDesk.Tests\OXDesk.Tests.csproj]
D:\WebDevelopment\OX_Desk\niya-crm-dotnet-dev\tests\OXDesk.Tests\Unit\Application\Tenants\TenantServiceUpdateTests.cs(304,26): error CS0029: Cannot implicitly convert type 'int' to 'System.Guid' [D:\WebDevelopment\OX_Desk\niya-crm-dotnet-dev\tests\OXDesk.Tests\OXDesk.Tests.csproj]
D:\WebDevelopment\OX_Desk\niya-crm-dotnet-dev\tests\OXDesk.Tests\Unit\Application\Tenants\TenantServiceUpdateTests.cs(317,29): error CS0029: Cannot implicitly convert type 'int' to 'System.Guid' [D:\WebDevelopment\OX_Desk\niya-crm-dotnet-dev\tests\OXDesk.Tests\OXDesk.Tests.csproj]
D:\WebDevelopment\OX_Desk\niya-crm-dotnet-dev\tests\OXDesk.Tests\Unit\Application\Tenants\TenantServiceUpdateTests.cs(331,29): error CS0029: Cannot implicitly convert type 'int' to 'System.Guid' [D:\WebDevelopment\OX_Desk\niya-crm-dotnet-dev\tests\OXDesk.Tests\OXDesk.Tests.csproj]
D:\WebDevelopment\OX_Desk\niya-crm-dotnet-dev\tests\OXDesk.Tests\Unit\Application\Tenants\TenantServiceTests.cs(362,26): error CS0029: Cannot implicitly convert type 'int' to 'System.Guid' [D:\WebDevelopment\OX_Desk\niya-crm-dotnet-dev\tests\OXDesk.Tests\OXDesk.Tests.csproj]
    0 Warning(s)
    55 Error(s)

Time Elapsed 00:00:14.82
